------------------------------------------------------------
TimeQuest Timing Analyzer Summary
------------------------------------------------------------

Type  : Slow 1200mV 85C Model Setup 'CLOCK_50'
Slack : -4.324
TNS   : -309.137

Type  : Slow 1200mV 85C Model Setup 'rate_divider:movement_divider2|RateDivider[0]'
Slack : -1.596
TNS   : -19.000

Type  : Slow 1200mV 85C Model Setup 'rate_divider:movement_divider|RateDivider[0]'
Slack : -1.113
TNS   : -13.032

Type  : Slow 1200mV 85C Model Setup 'VGA|mypll|altpll_component|pll|clk[0]'
Slack : 33.663
TNS   : 0.000

Type  : Slow 1200mV 85C Model Hold 'VGA|mypll|altpll_component|pll|clk[0]'
Slack : 0.403
TNS   : 0.000

Type  : Slow 1200mV 85C Model Hold 'rate_divider:movement_divider2|RateDivider[0]'
Slack : 0.403
TNS   : 0.000

Type  : Slow 1200mV 85C Model Hold 'rate_divider:movement_divider|RateDivider[0]'
Slack : 0.567
TNS   : 0.000

Type  : Slow 1200mV 85C Model Hold 'CLOCK_50'
Slack : 0.679
TNS   : 0.000

Type  : Slow 1200mV 85C Model Minimum Pulse Width 'rate_divider:movement_divider2|RateDivider[0]'
Slack : -1.285
TNS   : -21.845

Type  : Slow 1200mV 85C Model Minimum Pulse Width 'rate_divider:movement_divider|RateDivider[0]'
Slack : -1.285
TNS   : -20.560

Type  : Slow 1200mV 85C Model Minimum Pulse Width 'CLOCK_50'
Slack : 9.629
TNS   : 0.000

Type  : Slow 1200mV 85C Model Minimum Pulse Width 'VGA|mypll|altpll_component|pll|clk[0]'
Slack : 19.707
TNS   : 0.000

Type  : Slow 1200mV 0C Model Setup 'CLOCK_50'
Slack : -3.855
TNS   : -275.119

Type  : Slow 1200mV 0C Model Setup 'rate_divider:movement_divider2|RateDivider[0]'
Slack : -1.400
TNS   : -15.833

Type  : Slow 1200mV 0C Model Setup 'rate_divider:movement_divider|RateDivider[0]'
Slack : -0.888
TNS   : -10.031

Type  : Slow 1200mV 0C Model Setup 'VGA|mypll|altpll_component|pll|clk[0]'
Slack : 34.282
TNS   : 0.000

Type  : Slow 1200mV 0C Model Hold 'VGA|mypll|altpll_component|pll|clk[0]'
Slack : 0.354
TNS   : 0.000

Type  : Slow 1200mV 0C Model Hold 'rate_divider:movement_divider2|RateDivider[0]'
Slack : 0.356
TNS   : 0.000

Type  : Slow 1200mV 0C Model Hold 'rate_divider:movement_divider|RateDivider[0]'
Slack : 0.505
TNS   : 0.000

Type  : Slow 1200mV 0C Model Hold 'CLOCK_50'
Slack : 0.608
TNS   : 0.000

Type  : Slow 1200mV 0C Model Minimum Pulse Width 'rate_divider:movement_divider2|RateDivider[0]'
Slack : -1.285
TNS   : -21.845

Type  : Slow 1200mV 0C Model Minimum Pulse Width 'rate_divider:movement_divider|RateDivider[0]'
Slack : -1.285
TNS   : -20.560

Type  : Slow 1200mV 0C Model Minimum Pulse Width 'CLOCK_50'
Slack : 9.635
TNS   : 0.000

Type  : Slow 1200mV 0C Model Minimum Pulse Width 'VGA|mypll|altpll_component|pll|clk[0]'
Slack : 19.710
TNS   : 0.000

Type  : Fast 1200mV 0C Model Setup 'CLOCK_50'
Slack : -1.857
TNS   : -116.739

Type  : Fast 1200mV 0C Model Setup 'rate_divider:movement_divider2|RateDivider[0]'
Slack : -0.337
TNS   : -2.068

Type  : Fast 1200mV 0C Model Setup 'rate_divider:movement_divider|RateDivider[0]'
Slack : -0.033
TNS   : -0.064

Type  : Fast 1200mV 0C Model Setup 'VGA|mypll|altpll_component|pll|clk[0]'
Slack : 36.863
TNS   : 0.000

Type  : Fast 1200mV 0C Model Hold 'rate_divider:movement_divider2|RateDivider[0]'
Slack : 0.181
TNS   : 0.000

Type  : Fast 1200mV 0C Model Hold 'VGA|mypll|altpll_component|pll|clk[0]'
Slack : 0.182
TNS   : 0.000

Type  : Fast 1200mV 0C Model Hold 'CLOCK_50'
Slack : 0.248
TNS   : 0.000

Type  : Fast 1200mV 0C Model Hold 'rate_divider:movement_divider|RateDivider[0]'
Slack : 0.262
TNS   : 0.000

Type  : Fast 1200mV 0C Model Minimum Pulse Width 'rate_divider:movement_divider2|RateDivider[0]'
Slack : -1.000
TNS   : -17.000

Type  : Fast 1200mV 0C Model Minimum Pulse Width 'rate_divider:movement_divider|RateDivider[0]'
Slack : -1.000
TNS   : -16.000

Type  : Fast 1200mV 0C Model Minimum Pulse Width 'CLOCK_50'
Slack : 9.373
TNS   : 0.000

Type  : Fast 1200mV 0C Model Minimum Pulse Width 'VGA|mypll|altpll_component|pll|clk[0]'
Slack : 19.755
TNS   : 0.000

------------------------------------------------------------
